Value: 12 range: 0
Value: 3 range: 0
Value: 4 range: 0
3 siempre deberia ser mayor que 12
